 
Running threaded PSI4 on node2 
/home/qc//psi4conda/bin/psi4
 
Working and scratch directories
/home/mdavis/xqpgen/tests/test_psi4/x2cr
/scratch/mdavis/PSI4_2022-11-05_10:16:34.518301181
 
use -n:  to specify number of threads
use -i:  to specify input  file     (default = input.dat)
use -o:  to specify output file     (default = file.out )
 
-h or --help for more options
 
Running...
psi4 -n 4 -i 00001.com
Traceback (most recent call last):
  File "/home/qc//psi4conda/bin/psi4", line 269, in <module>
    exec(content)
  File "<string>", line 36, in <module>

RuntimeError: 
Fatal Error: ON is not a valid choice
Error occurred in file: /scratch/psilocaluser/conda-builds/psi4-multiout_1530822628409/work/psi4/src/psi4/liboptions/liboptions.h on line: 51
The most recent 5 function calls were:

psi::Data::assign(std::__cxx11::basic_string<char, std::char_traits<char>, std::allocator<char> >)
psi::Options::set_global_str(std::__cxx11::basic_string<char, std::char_traits<char>, std::allocator<char> > const&, std::__cxx11::basic_string<char, std::char_traits<char>, std::allocator<char> > const&)

...Done
 
