 
Working directory   = /home/mdavis/xqpgen/tests/test1/tz/00007
Scratch directory   = //scratch/mdavis/cfour_2022-11-04_09:26:57_00007
Default input  file = ZMAT
Default output file = output.dat
CFOUR executable    = /home/qc/cfour_v2.1_intel_2017_eland2/bin/xcfour
 
Running threaded CFOUR on node8.cl.olemiss.edu with 1 threads
 
OMP: Info #277: omp_set_nested routine deprecated, please use omp_set_max_active_levels instead.
